// Jest Snapshot v1, https://goo.gl/fbAQLP

exports[`matches snapshot 1`] = `
<DocumentFragment>
  <div>
    <div
      class="Box"
    />
    <br />
    <button>
      X
    </button>
  </div>
</DocumentFragment>
`;
